python : C:\Python312\Lib\site-packages\django\db\backends\utils.py:98: 
RuntimeWarning: Accessing the database during app initialization is 
discouraged. To fix this warning, avoid executing queries in AppConfig.ready() 
or when your app modules are imported.
At line:1 char:73
+ ... lication" ; python test_bulk_upload_final.py > test_output.log 2>&1 ; ...
+                 ~~~~~~~~~~~~~~~~~~~~~~~~~~~~~~~~~~~~~~~~~~~~~~~~~~~~~~~
    + CategoryInfo          : NotSpecified: (C:\Python312\Li...s are imported. 
   :String) [], RemoteException
    + FullyQualifiedErrorId : NativeCommandError
 
  warnings.warn(self.APPS_NOT_READY_WARNING_MSG, category=RuntimeWarning)

============================================================
BULK UPLOAD TEST SUITE
============================================================

[TEST] Starting Examiner Upload Test...
Error at row 2: ['ôYesö value must be either True or False.']
Failed to onboard examiner: e_john_smith@test.com, John
Error at row 3: ['ôNoö value must be either True or False.']
Failed to onboard examiner: e_jane_doe@test.com, Jane
[EXAMINER] Created 0 examiner users
[FAIL] Expected 2 examiners, got 0

[TEST] Starting Supervisor Upload Test...
[SUPERVISOR] Created 2 supervisor users
  - sv_sarah_williams@test.com: OK
  - sv_michael_johnson@test.com: OK
[PASS] Supervisor upload successful

[TEST] Starting Student Upload Test...
Error at row 2: duplicate key value violates unique constraint "mbamain_studentprofile_user_id_key"
DETAIL:  Key (user_id)=(92) already exists.
Error at row 3: duplicate key value violates unique constraint "mbamain_studentprofile_user_id_key"
DETAIL:  Key (user_id)=(93) already exists.
0 10 10
[STUDENT] Created 0 student users
[FAIL] Expected 2 students, got 0

============================================================
TEST SUMMARY
============================================================
Examiner Upload: FAIL
Supervisor Upload: PASS
Student Upload: FAIL

Total: 1/3 tests passed

2 test(s) failed
