python : C:\Python312\Lib\site-packages\django\db\backends\utils.py:98: 
RuntimeWarning: Accessing the database during app initialization is 
discouraged. To fix this warning, avoid executing queries in AppConfig.ready() 
or when your app modules are imported.
At line:1 char:73
+ ... lication" ; python verify_fixes_direct.py > test_output.txt 2>&1 ; ty ...
+                 ~~~~~~~~~~~~~~~~~~~~~~~~~~~~~~~~~~~~~~~~~~~~~~~~~~~~
    + CategoryInfo          : NotSpecified: (C:\Python312\Li...s are imported. 
   :String) [], RemoteException
    + FullyQualifiedErrorId : NativeCommandError
 
  warnings.warn(self.APPS_NOT_READY_WARNING_MSG, category=RuntimeWarning)

================================================================================
VERIFICATION: DUPLICATE DETECTION FIXES
================================================================================

[TEST 1] Testing case-insensitive duplicate detection logic...
--------------------------------------------------------------------------------
Traceback (most recent call last):
  File "C:\Users\bjmba\OneDrive\Desktop\Deployed MBA 
App\mba_application\verify_fixes_direct.py", line 34, in <module>
    print("\u2713 Created user with email: 'fix.test@exam.com'")
  File "C:\Python312\Lib\encodings\cp1252.py", line 19, in encode
    return codecs.charmap_encode(input,self.errors,encoding_table)[0]
           ^^^^^^^^^^^^^^^^^^^^^^^^^^^^^^^^^^^^^^^^^^^^^^^^^^^^^^^
UnicodeEncodeError: 'charmap' codec can't encode character '\u2713' in 
position 0: character maps to <undefined>
